LE-K127-ST@LE-K127-ST-F64V MINGW64 / (master)
$ cd F

LE-K127-ST@LE-K127-ST-F64V MINGW64 /F
$ cd Spring\ 2017/Alex\'s\ Code/HTML\ Projects/AIHLE_Amazerrific/

LE-K127-ST@LE-K127-ST-F64V MINGW64 /F/Spring 2017/Alex's Code/HTML Projects/AIHLE_Amazerrific (master)
$ pwd
/F/Spring 2017/Alex's Code/HTML Projects/AIHLE_Amazerrific

LE-K127-ST@LE-K127-ST-F64V MINGW64 /F/Spring 2017/Alex's Code/HTML Projects/AIHLE_Amazerrific (master)
$ ls
README.md  'W3C Validation.PNG'  git_bash_log.txt  index.html  lightbulb.png

LE-K127-ST@LE-K127-ST-F64V MINGW64 /F/Spring 2017/Alex's Code/HTML Projects/AIHLE_Amazerrific (master)
$ git status
On branch master
Your branch is up-to-date with 'origin/master'.
Changes not staged for commit:
  (use "git add <file>..." to update what will be committed)
  (use "git checkout -- <file>..." to discard changes in working directory)

        modified:   index.html

Untracked files:
  (use "git add <file>..." to include in what will be committed)

        reset.css
        style.css

no changes added to commit (use "git add" and/or "git commit -a")

LE-K127-ST@LE-K127-ST-F64V MINGW64 /F/Spring 2017/Alex's Code/HTML Projects/AIHLE_Amazerrific (master)
$ git add index.html reset.css style.css

LE-K127-ST@LE-K127-ST-F64V MINGW64 /F/Spring 2017/Alex's Code/HTML Projects/AIHLE_Amazerrific (master)
$ git status
On branch master
Your branch is up-to-date with 'origin/master'.
Changes to be committed:
  (use "git reset HEAD <file>..." to unstage)

        modified:   index.html
        new file:   reset.css
        new file:   style.css


LE-K127-ST@LE-K127-ST-F64V MINGW64 /F/Spring 2017/Alex's Code/HTML Projects/AIHLE_Amazerrific (master)
$ git commit -m "add style and reset sheets and add links to index.html"
[master c65b2d5] add style and reset sheets and add links to index.html
 3 files changed, 59 insertions(+)
 create mode 100644 reset.css
 create mode 100644 style.css

LE-K127-ST@LE-K127-ST-F64V MINGW64 /F/Spring 2017/Alex's Code/HTML Projects/AIHLE_Amazerrific (master)
$ git push
Username for 'https://github.com': AJIHLE
Counting objects: 5, done.
Delta compression using up to 4 threads.
Compressing objects: 100% (4/4), done.
Writing objects: 100% (5/5), 1.04 KiB | 0 bytes/s, done.
Total 5 (delta 2), reused 0 (delta 0)
remote: Resolving deltas: 100% (2/2), completed with 2 local objects.
To https://github.com/BytingBucs2-0/AIHLE_Amazerrific.git
   6de8735..c65b2d5  master -> master

LE-K127-ST@LE-K127-ST-F64V MINGW64 /F/Spring 2017/Alex's Code/HTML Projects/AIHLE_Amazerrific (master)
$ git status
On branch master
Your branch is up-to-date with 'origin/master'.
Changes not staged for commit:
  (use "git add <file>..." to update what will be committed)
  (use "git checkout -- <file>..." to discard changes in working directory)

        modified:   style.css

no changes added to commit (use "git add" and/or "git commit -a")

LE-K127-ST@LE-K127-ST-F64V MINGW64 /F/Spring 2017/Alex's Code/HTML Projects/AIHLE_Amazerrific (master)
$ git add style.css

LE-K127-ST@LE-K127-ST-F64V MINGW64 /F/Spring 2017/Alex's Code/HTML Projects/AIHLE_Amazerrific (master)
$ git commit -m "Add width and background styles to style.css"
[master bb47e9b] Add width and background styles to style.css
 1 file changed, 23 insertions(+)

LE-K127-ST@LE-K127-ST-F64V MINGW64 /F/Spring 2017/Alex's Code/HTML Projects/AIHLE_Amazerrific (master)
$ git push
Username for 'https://github.com': AJIHLE
Counting objects: 3, done.
Delta compression using up to 4 threads.
Compressing objects: 100% (3/3), done.
Writing objects: 100% (3/3), 367 bytes | 0 bytes/s, done.
Total 3 (delta 1), reused 0 (delta 0)
remote: Resolving deltas: 100% (1/1), completed with 1 local objects.
To https://github.com/BytingBucs2-0/AIHLE_Amazerrific.git
   c65b2d5..bb47e9b  master -> master

LE-K127-ST@LE-K127-ST-F64V MINGW64 /F/Spring 2017/Alex's Code/HTML Projects/AIHLE_Amazerrific (master)
$ git status
On branch master
Your branch is up-to-date with 'origin/master'.
Changes not staged for commit:
  (use "git add <file>..." to update what will be committed)
  (use "git checkout -- <file>..." to discard changes in working directory)

        modified:   index.html
        modified:   style.css

no changes added to commit (use "git add" and/or "git commit -a")

LE-K127-ST@LE-K127-ST-F64V MINGW64 /F/Spring 2017/Alex's Code/HTML Projects/AIHLE_Amazerrific (master)
$ git add index.html style.css

LE-K127-ST@LE-K127-ST-F64V MINGW64 /F/Spring 2017/Alex's Code/HTML Projects/AIHLE_Amazerrific (master)
$ git commit -m "Add div containers to header, main, footer elements, and add styles for container in style.css"
[master bc35467] Add div containers to header, main, footer elements, and add styles for container in style.css
 2 files changed, 105 insertions(+), 86 deletions(-)
 rewrite index.html (71%)

LE-K127-ST@LE-K127-ST-F64V MINGW64 /F/Spring 2017/Alex's Code/HTML Projects/AIHLE_Amazerrific (master)
$ git status
On branch master
Your branch is ahead of 'origin/master' by 1 commit.
  (use "git push" to publish your local commits)
nothing to commit, working tree clean

LE-K127-ST@LE-K127-ST-F64V MINGW64 /F/Spring 2017/Alex's Code/HTML Projects/AIHLE_Amazerrific (master)
$ git push
Username for 'https://github.com': AJIHLE
Counting objects: 4, done.
Delta compression using up to 4 threads.
Compressing objects: 100% (4/4), done.
Writing objects: 100% (4/4), 696 bytes | 0 bytes/s, done.
Total 4 (delta 3), reused 0 (delta 0)
remote: Resolving deltas: 100% (3/3), completed with 3 local objects.
To https://github.com/BytingBucs2-0/AIHLE_Amazerrific.git
   bb47e9b..bc35467  master -> master

LE-K127-ST@LE-K127-ST-F64V MINGW64 /F/Spring 2017/Alex's Code/HTML Projects/AIHLE_Amazerrific (master)
$ git status
On branch master
Your branch is up-to-date with 'origin/master'.
Changes not staged for commit:
  (use "git add <file>..." to update what will be committed)
  (use "git checkout -- <file>..." to discard changes in working directory)

        modified:   style.css

no changes added to commit (use "git add" and/or "git commit -a")

LE-K127-ST@LE-K127-ST-F64V MINGW64 /F/Spring 2017/Alex's Code/HTML Projects/AIHLE_Amazerrific (master)
$ git add style.css

LE-K127-ST@LE-K127-ST-F64V MINGW64 /F/Spring 2017/Alex's Code/HTML Projects/AIHLE_Amazerrific (master)
$ git commit -m "Flesh out header styles in style.css"
[master 48d389e] Flesh out header styles in style.css
 1 file changed, 15 insertions(+)

LE-K127-ST@LE-K127-ST-F64V MINGW64 /F/Spring 2017/Alex's Code/HTML Projects/AIHLE_Amazerrific (master)
$ git push
Username for 'https://github.com': AJIHLE
Counting objects: 3, done.
Delta compression using up to 4 threads.
Compressing objects: 100% (3/3), done.
Writing objects: 100% (3/3), 381 bytes | 0 bytes/s, done.
Total 3 (delta 2), reused 0 (delta 0)
remote: Resolving deltas: 100% (2/2), completed with 2 local objects.
To https://github.com/BytingBucs2-0/AIHLE_Amazerrific.git
   bc35467..48d389e  master -> master

LE-K127-ST@LE-K127-ST-F64V MINGW64 /F/Spring 2017/Alex's Code/HTML Projects/AIHLE_Amazerrific (master)
$ git status
On branch master
Your branch is up-to-date with 'origin/master'.
Changes not staged for commit:
  (use "git add <file>..." to update what will be committed)
  (use "git checkout -- <file>..." to discard changes in working directory)

        modified:   index.html
        modified:   style.css

no changes added to commit (use "git add" and/or "git commit -a")

LE-K127-ST@LE-K127-ST-F64V MINGW64 /F/Spring 2017/Alex's Code/HTML Projects/AIHLE_Amazerrific (master)
$ git add index.html style.css

LE-K127-ST@LE-K127-ST-F64V MINGW64 /F/Spring 2017/Alex's Code/HTML Projects/AIHLE_Amazerrific (master)
$ git status
On branch master
Your branch is up-to-date with 'origin/master'.
Changes to be committed:
  (use "git reset HEAD <file>..." to unstage)

        modified:   index.html
        modified:   style.css


LE-K127-ST@LE-K127-ST-F64V MINGW64 /F/Spring 2017/Alex's Code/HTML Projects/AIHLE_Amazerrific (master)
$ git commit -m "Add left and right containers in index.html and Add container stles to style.css"
[master bf78a36] Add left and right containers in index.html and Add container stles to style.css
 2 files changed, 48 insertions(+), 11 deletions(-)

LE-K127-ST@LE-K127-ST-F64V MINGW64 /F/Spring 2017/Alex's Code/HTML Projects/AIHLE_Amazerrific (master)
$ git push
Username for 'https://github.com': AJIHLE
Counting objects: 4, done.
Delta compression using up to 4 threads.
Compressing objects: 100% (4/4), done.
Writing objects: 100% (4/4), 514 bytes | 0 bytes/s, done.
Total 4 (delta 3), reused 0 (delta 0)
remote: Resolving deltas: 100% (3/3), completed with 3 local objects.
To https://github.com/BytingBucs2-0/AIHLE_Amazerrific.git
   48d389e..bf78a36  master -> master

LE-K127-ST@LE-K127-ST-F64V MINGW64 /F/Spring 2017/Alex's Code/HTML Projects/AIHLE_Amazerrific (master)
$ git log
commit ec3358c3693e92592db2c0553abcd875a0b6a2c7
Author: AJIHLE <aihle@bucs.fsw.edu>
Date:   Thu Feb 2 14:49:16 2017 -0500

    Add left and right containers in index.html and Add container stles to style.css

commit 48d389eb46b8758b9ec8d967fc605347a5f0adae
Author: AJIHLE <aihle@bucs.fsw.edu>
Date:   Thu Feb 2 14:42:28 2017 -0500

    Flesh out header styles in style.css

commit bc354670327616c6de1798ab0fa2ff4071a901a1
Author: AJIHLE <aihle@bucs.fsw.edu>
Date:   Thu Feb 2 14:41:08 2017 -0500

    Add div containers to header, main, footer elements, and add styles for container in style.css

commit bb47e9be7c985df8cfc90df241129ded730e4245
Author: AJIHLE <aihle@bucs.fsw.edu>
Date:   Thu Feb 2 14:36:00 2017 -0500

Alex@Alex-MegaPC MINGW64 /F/Spring 2017/Alex's Code/HTML Projects/AIHLE_Amazerrific (master)
$ git status
On branch master
Your branch is up-to-date with 'origin/master'.
Changes not staged for commit:
  (use "git add <file>..." to update what will be committed)
  (use "git checkout -- <file>..." to discard changes in working directory)

        modified:   index.html
        modified:   style.css

no changes added to commit (use "git add" and/or "git commit -a")

Alex@Alex-MegaPC MINGW64 /F/Spring 2017/Alex's Code/HTML Projects/AIHLE_Amazerrific (master)
$ git add index.html style.css

Alex@Alex-MegaPC MINGW64 /F/Spring 2017/Alex's Code/HTML Projects/AIHLE_Amazerrific (master)
$ git commit -m "Add Droid Sans and Ubuntu fonts to index.html and style.css"
[master e4c2ae8] Add Droid Sans and Ubuntu fonts to index.html and style.css
 2 files changed, 9 insertions(+)

Alex@Alex-MegaPC MINGW64 /F/Spring 2017/Alex's Code/HTML Projects/AIHLE_Amazerrific (master)
$ git push
Username for 'https://github.com': AJIHLE
Counting objects: 4, done.
Delta compression using up to 12 threads.
Compressing objects: 100% (4/4), done.
Writing objects: 100% (4/4), 542 bytes | 0 bytes/s, done.
Total 4 (delta 3), reused 0 (delta 0)
remote: Resolving deltas: 100% (3/3), completed with 3 local objects.
To https://github.com/BytingBucs2-0/AIHLE_Amazerrific.git
   2edba6b..e4c2ae8  master -> master

Alex@Alex-MegaPC MINGW64 /F/Spring 2017/Alex's Code/HTML Projects/AIHLE_Amazerrific (master)
$ git status
On branch master
Your branch is up-to-date with 'origin/master'.
Changes not staged for commit:
  (use "git add <file>..." to update what will be committed)
  (use "git checkout -- <file>..." to discard changes in working directory)

        modified:   index.html
        modified:   style.css

no changes added to commit (use "git add" and/or "git commit -a")

Alex@Alex-MegaPC MINGW64 /F/Spring 2017/Alex's Code/HTML Projects/AIHLE_Amazerrific (master)
$ git add index.html style.css

Alex@Alex-MegaPC MINGW64 /F/Spring 2017/Alex's Code/HTML Projects/AIHLE_Amazerrific (master)
$ git commit -m "Add font styles, margin, and padding styles"
[master 1e302fa] Add font styles, margin, and padding styles
 2 files changed, 102 insertions(+), 8 deletions(-)

Alex@Alex-MegaPC MINGW64 /F/Spring 2017/Alex's Code/HTML Projects/AIHLE_Amazerrific (master)
$ git push
Username for 'https://github.com': AJIHLE
Counting objects: 4, done.
Delta compression using up to 12 threads.
Compressing objects: 100% (4/4), done.
Writing objects: 100% (4/4), 907 bytes | 0 bytes/s, done.
Total 4 (delta 2), reused 0 (delta 0)
remote: Resolving deltas: 100% (2/2), completed with 2 local objects.
To https://github.com/BytingBucs2-0/AIHLE_Amazerrific.git
   e4c2ae8..1e302fa  master -> master